
================================================================================
COMPREHENSIVE SECURITY TEST SUITE
Priority 1 & 2 Security Fixes Verification
================================================================================

--------------------------------------------------------------------------------
TEST GROUP 1: JWT Authentication Protection
--------------------------------------------------------------------------------

1. GET /api/auth/me without token returns 401
